The '--headless' CLI argument is deprecated. Omit '--viz' for default headless. If config visualizers are enabled and you want to force headless, use '--viz none'.
[ISAACLAB] AppLauncher initialization complete
E:\IsaacLab\env_isaaclab\Lib\site-packages\gymnasium\envs\registration.py:512: DeprecationWarning: [33mWARN: The environment Lizard-Rough-v10 is out of date. You should consider upgrading to version `v14`.[0m
  logger.deprecation(
[INFO]: Base environment:
	Environment device    : cuda:0
	Environment seed      : 1000
	Physics step-size     : 0.005
	Rendering step-size   : 0.02
	Environment step-size : 0.02
[INFO]: libcarb.so unavailable — Fabric notice suspension disabled (Linux x86_64 only)
[INFO]: Registered backend 'physx' for factory Articulation.
[INFO] Generating terrains based on curriculum took Last: 0.025484 s
[INFO]: Registered backend 'physx' for factory FrameView.
[INFO]: Registered backend 'physx' for factory RayCaster.
[INFO]: Physics scene prim path: /physicsScene
[INFO]: Time taken for scene creation Last: 0.753063 s, Mean: 0.753063 s, Std: 0.000000 s, N: 1
[INFO]: Scene manager:  <class InteractiveScene>
	Number of environments: 9
	Environment spacing   : 2.5
	Source prim name      : /World/envs/env_0
	Global prim paths     : ['/World/ground']
	Replicate physics     : True
[INFO]: Simulation parameters for joints in /World/envs/env_.*/Robot:
+------------------------------------------------------------------------------------------------------------------------------------------------------------------------+
|                                                   Simulation Joint Information (Prim path: /World/envs/env_.*/Robot)                                                   |
+-------+-------------------+-----------+---------+----------+-----------------+------------------+------------------+-----------------+-----------------+---------------+
| Index | Name              | Stiffness | Damping | Armature | Static Friction | Dynamic Friction | Viscous Friction | Position Limits | Velocity Limits | Effort Limits |
+-------+-------------------+-----------+---------+----------+-----------------+------------------+------------------+-----------------+-----------------+---------------+
|   0   | chest_yaw_joint   |  400.000  |  20.000 |  0.000   |      0.000      |      0.000       |      0.000       | [-0.600, 0.600] |     5.9e+36     |     80.000    |
|   1   | tail1_yaw_joint   |  400.000  |  20.000 |  0.000   |      0.000      |      0.000       |      0.000       | [-0.600, 0.600] |     5.9e+36     |     80.000    |
|   2   | rr_haa_joint      |  800.000  |  40.000 |  0.000   |      0.000      |      0.000       |      0.000       | [-0.600, 0.600] |     5.9e+36     |    180.000    |
|   3   | rl_haa_joint      |  800.000  |  40.000 |  0.000   |      0.000      |      0.000       |      0.000       | [-0.600, 0.600] |     5.9e+36     |    180.000    |
|   4   | chest_pitch_joint |  400.000  |  20.000 |  0.000   |      0.000      |      0.000       |      0.000       | [-0.500, 0.500] |     5.9e+36     |     80.000    |
|   5   | tail1_pitch_joint |  400.000  |  20.000 |  0.000   |      0.000      |      0.000       |      0.000       | [-0.500, 0.500] |     5.9e+36     |     80.000    |
|   6   | rr_hfe_joint      |  800.000  |  40.000 |  0.000   |      0.000      |      0.000       |      0.000       | [-1.200, 1.200] |     5.9e+36     |    180.000    |
|   7   | rl_hfe_joint      |  800.000  |  40.000 |  0.000   |      0.000      |      0.000       |      0.000       | [-1.200, 1.200] |     5.9e+36     |    180.000    |
|   8   | neck_yaw_joint    |  400.000  |  20.000 |  0.000   |      0.000      |      0.000       |      0.000       | [-0.600, 0.600] |     5.9e+36     |     80.000    |
|   9   | rf_haa_joint      |  800.000  |  40.000 |  0.000   |      0.000      |      0.000       |      0.000       | [-0.600, 0.600] |     5.9e+36     |    180.000    |
|   10  | lf_haa_joint      |  800.000  |  40.000 |  0.000   |      0.000      |      0.000       |      0.000       | [-0.600, 0.600] |     5.9e+36     |    180.000    |
|   11  | tail2_yaw_joint   |  400.000  |  20.000 |  0.000   |      0.000      |      0.000       |      0.000       | [-0.600, 0.600] |     5.9e+36     |     80.000    |
|   12  | rr_kfe_joint      |  800.000  |  40.000 |  0.000   |      0.000      |      0.000       |      0.000       | [-1.600, 1.600] |     5.9e+36     |    180.000    |
|   13  | rl_kfe_joint      |  800.000  |  40.000 |  0.000   |      0.000      |      0.000       |      0.000       | [-1.600, 1.600] |     5.9e+36     |    180.000    |
|   14  | neck_pitch_joint  |  400.000  |  20.000 |  0.000   |      0.000      |      0.000       |      0.000       | [-0.500, 0.500] |     5.9e+36     |     80.000    |
|   15  | rf_hfe_joint      |  800.000  |  40.000 |  0.000   |      0.000      |      0.000       |      0.000       | [-1.200, 1.200] |     5.9e+36     |    180.000    |
|   16  | lf_hfe_joint      |  800.000  |  40.000 |  0.000   |      0.000      |      0.000       |      0.000       | [-1.200, 1.200] |     5.9e+36     |    180.000    |
|   17  | tail2_pitch_joint |  400.000  |  20.000 |  0.000   |      0.000      |      0.000       |      0.000       | [-0.500, 0.500] |     5.9e+36     |     80.000    |
|   18  | rr_foot_joint     |  200.000  |  12.000 |  0.000   |      0.000      |      0.000       |      0.000       | [-0.500, 0.500] |     5.9e+36     |     70.000    |
|   19  | rl_foot_joint     |  200.000  |  12.000 |  0.000   |      0.000      |      0.000       |      0.000       | [-0.500, 0.500] |     5.9e+36     |     70.000    |
|   20  | rf_kfe_joint      |  800.000  |  40.000 |  0.000   |      0.000      |      0.000       |      0.000       | [-1.600, 1.600] |     5.9e+36     |    180.000    |
|   21  | lf_kfe_joint      |  800.000  |  40.000 |  0.000   |      0.000      |      0.000       |      0.000       | [-1.600, 1.600] |     5.9e+36     |    180.000    |
|   22  | tail3_yaw_joint   |  400.000  |  20.000 |  0.000   |      0.000      |      0.000       |      0.000       | [-0.600, 0.600] |     5.9e+36     |     80.000    |
|   23  | rf_foot_joint     |  200.000  |  12.000 |  0.000   |      0.000      |      0.000       |      0.000       | [-0.500, 0.500] |     5.9e+36     |     70.000    |
|   24  | lf_foot_joint     |  200.000  |  12.000 |  0.000   |      0.000      |      0.000       |      0.000       | [-0.500, 0.500] |     5.9e+36     |     70.000    |
|   25  | tail3_pitch_joint |  400.000  |  20.000 |  0.000   |      0.000      |      0.000       |      0.000       | [-0.500, 0.500] |     5.9e+36     |     80.000    |
+-------+-------------------+-----------+---------+----------+-----------------+------------------+------------------+-----------------+-----------------+---------------+
[INFO]: Read mesh prim: /World/ground/terrain/mesh with 356 vertices and 1470 faces.
[INFO]: Time taken for simulation start Last: 0.923444 s, Mean: 0.923444 s, Std: 0.000000 s, N: 1
[INFO] Command Manager:  <CommandManager> contains 1 active terms.
+------------------------------------------------+
|              Active Command Terms              |
+-------+---------------+------------------------+
| Index | Name          |          Type          |
+-------+---------------+------------------------+
|   0   | base_velocity | UniformVelocityCommand |
+-------+---------------+------------------------+

[INFO] Event Manager:  <EventManager> contains 2 active terms.
+-------------------------------------+
| Active Event Terms in Mode: 'reset' |
+---------+---------------------------+
|  Index  | Name                      |
+---------+---------------------------+
|    0    | reset_base                |
|    1    | reset_robot_joints        |
+---------+---------------------------+
+---------------------------------+
| Active Event Terms in Mode: 'startup' |
+--------------+------------------+
|    Index     | Name             |
+--------------+------------------+
|      0       | init_ck          |
+--------------+------------------+

[INFO] Recorder Manager:  <RecorderManager> contains 0 active terms.
+---------------------+
| Active Recorder Terms |
+-----------+---------+
|   Index   | Name    |
+-----------+---------+
+-----------+---------+

[INFO]: Resolved joint names for the action term JointPositionAction: ['rr_haa_joint', 'rl_haa_joint', 'rr_hfe_joint', 'rl_hfe_joint', 'rf_haa_joint', 'lf_haa_joint', 'rr_kfe_joint', 'rl_kfe_joint', 'rf_hfe_joint', 'lf_hfe_joint', 'rr_foot_joint', 'rl_foot_joint', 'rf_kfe_joint', 'lf_kfe_joint', 'rf_foot_joint', 'lf_foot_joint'] [[2, 3, 6, 7, 9, 10, 12, 13, 15, 16, 18, 19, 20, 21, 23, 24]]
[INFO]: Resolved joint names for the action term JointPositionAction: ['chest_yaw_joint', 'tail1_yaw_joint', 'chest_pitch_joint', 'tail1_pitch_joint', 'neck_yaw_joint', 'tail2_yaw_joint', 'neck_pitch_joint', 'tail2_pitch_joint', 'tail3_yaw_joint', 'tail3_pitch_joint'] [[0, 1, 4, 5, 8, 11, 14, 17, 22, 25]]
[INFO] Action Manager:  <ActionManager> contains 2 active terms.
+-------------------------------------+
|   Active Action Terms (shape: 26)   |
+-------+-----------------+-----------+
| Index | Name            | Dimension |
+-------+-----------------+-----------+
|   0   | joint_pos_legs  |        16 |
|   1   | joint_pos_spine |        10 |
+-------+-----------------+-----------+

[INFO] Observation Manager: <ObservationManager> contains 3 groups.
+---------------------------------------------------------+
| Active Observation Terms in Group: 'proprio' (shape: (90,)) |
+-----------+---------------------------------+-----------+
|   Index   | Name                            |   Shape   |
+-----------+---------------------------------+-----------+
|     0     | base_lin_vel                    |    (3,)   |
|     1     | base_ang_vel                    |    (3,)   |
|     2     | projected_gravity               |    (3,)   |
|     3     | velocity_commands               |    (3,)   |
|     4     | joint_pos                       |   (26,)   |
|     5     | joint_vel                       |   (26,)   |
|     6     | actions                         |   (26,)   |
+-----------+---------------------------------+-----------+
+--------------------------------------------------------+
| Active Observation Terms in Group: 'extero' (shape: (208,)) |
+-------------+----------------------------+-------------+
|    Index    | Name                       |    Shape    |
+-------------+----------------------------+-------------+
|      0      | lf_foot_ring               |    (52,)    |
|      1      | rf_foot_ring               |    (52,)    |
|      2      | rl_foot_ring               |    (52,)    |
|      3      | rr_foot_ring               |    (52,)    |
+-------------+----------------------------+-------------+
+--------------------------------------------------------+
| Active Observation Terms in Group: 'priv' (shape: (83,)) |
+----------+----------------------------------+----------+
|  Index   | Name                             |  Shape   |
+----------+----------------------------------+----------+
|    0     | base_lin_vel_true                |   (3,)   |
|    1     | base_ang_vel_true                |   (3,)   |
|    2     | foot_contact                     |   (4,)   |
|    3     | feet_air_time                    |   (4,)   |
|    4     | body_mass                        |  (27,)   |
|    5     | foot_contact_forces              |  (12,)   |
|    6     | foot_contact_normals             |  (12,)   |
|    7     | foot_friction                    |   (4,)   |
|    8     | thigh_shank_contacts             |   (8,)   |
|    9     | base_external_wrench             |   (6,)   |
+----------+----------------------------------+----------+

[INFO] Termination Manager:  <TerminationManager> contains 1 active terms.
+-----------------------------+
|   Active Termination Terms  |
+-------+----------+----------+
| Index | Name     | Time Out |
+-------+----------+----------+
|   0   | time_out |   True   |
+-------+----------+----------+

[INFO] Reward Manager:  <RewardManager> contains 13 active terms.
+-----------------------------------------+
|           Active Reward Terms           |
+-------+----------------------+----------+
| Index | Name                 |   Weight |
+-------+----------------------+----------+
|   0   | track_ang_vel_z_exp  |      0.5 |
|   1   | lin_vel_z_l2         |     -2.0 |
|   2   | ang_vel_xy_l2        |    -0.05 |
|   3   | dof_torques_l2       |   -1e-05 |
|   4   | dof_acc_l2           | -2.5e-07 |
|   5   | action_rate_l2       |    -0.01 |
|   6   | undesired_contacts   |     -1.0 |
|   7   | flat_orientation_l2  |      0.0 |
|   8   | dof_pos_limits       |      0.0 |
|   9   | foot_clearance       |   -0.003 |
|   10  | track_lin_vel_xy_lin |      1.5 |
|   11  | feet_slide           |    -0.03 |
|   12  | belly_contact_force  |     -0.5 |
+-------+----------------------+----------+

[INFO] Curriculum Manager:  <CurriculumManager> contains 0 active terms.
+----------------------+
| Active Curriculum Terms |
+-----------+----------+
|   Index   | Name     |
+-----------+----------+
+-----------+----------+

[INFO]: Completed setting up the environment...
--------------------------------------------------------------------------------
Resolved observation sets: 
	 actor :  ['proprio', 'extero', 'priv']
	 critic :  ['proprio', 'extero', 'priv']
--------------------------------------------------------------------------------
Actor Model: SplitEncoderModel(
  (obs_normalizers): ModuleDict(
    (proprio): EmpiricalNormalization()
    (extero): EmpiricalNormalization()
    (priv): EmpiricalNormalization()
  )
  (g_e): MLP(
    (0): Linear(in_features=52, out_features=80, bias=True)
    (1): LeakyReLU(negative_slope=0.01)
    (2): Linear(in_features=80, out_features=60, bias=True)
    (3): LeakyReLU(negative_slope=0.01)
    (4): Linear(in_features=60, out_features=24, bias=True)
  )
  (g_p): MLP(
    (0): Linear(in_features=83, out_features=64, bias=True)
    (1): LeakyReLU(negative_slope=0.01)
    (2): Linear(in_features=64, out_features=32, bias=True)
    (3): LeakyReLU(negative_slope=0.01)
    (4): Linear(in_features=32, out_features=24, bias=True)
  )
  (distribution): GaussianDistribution()
  (mlp): MLP(
    (0): Linear(in_features=210, out_features=256, bias=True)
    (1): LeakyReLU(negative_slope=0.01)
    (2): Linear(in_features=256, out_features=160, bias=True)
    (3): LeakyReLU(negative_slope=0.01)
    (4): Linear(in_features=160, out_features=128, bias=True)
    (5): LeakyReLU(negative_slope=0.01)
    (6): Linear(in_features=128, out_features=26, bias=True)
  )
)
Critic Model: SplitEncoderModel(
  (obs_normalizers): ModuleDict(
    (proprio): EmpiricalNormalization()
    (extero): EmpiricalNormalization()
    (priv): EmpiricalNormalization()
  )
  (g_e): MLP(
    (0): Linear(in_features=52, out_features=80, bias=True)
    (1): LeakyReLU(negative_slope=0.01)
    (2): Linear(in_features=80, out_features=60, bias=True)
    (3): LeakyReLU(negative_slope=0.01)
    (4): Linear(in_features=60, out_features=24, bias=True)
  )
  (g_p): MLP(
    (0): Linear(in_features=83, out_features=64, bias=True)
    (1): LeakyReLU(negative_slope=0.01)
    (2): Linear(in_features=64, out_features=32, bias=True)
    (3): LeakyReLU(negative_slope=0.01)
    (4): Linear(in_features=32, out_features=24, bias=True)
  )
  (mlp): MLP(
    (0): Linear(in_features=210, out_features=256, bias=True)
    (1): LeakyReLU(negative_slope=0.01)
    (2): Linear(in_features=256, out_features=160, bias=True)
    (3): LeakyReLU(negative_slope=0.01)
    (4): Linear(in_features=160, out_features=128, bias=True)
    (5): LeakyReLU(negative_slope=0.01)
    (6): Linear(in_features=128, out_features=1, bias=True)
  )
)
[DIAG] mass=72.00 kg -> weight=706.3 N (foot_body_mass_kg=['1.53', '1.53', '1.53', '1.53'])
[DIAG] instant foot contact sum=856.0 N (ratio 1.212) stand_height=0.950 m — 稳态交叉校验见 --phases 0
[DIAG] contact sensor bodies: 27 (no-collision, force must be ~0: ['chest_yaw', 'neck_yaw', 'tail1_yaw', 'tail2_yaw', 'tail3_yaw', 'rf_kfe', 'lf_kfe', 'rr_kfe', 'rl_kfe'])
[DIAG] ledger terms: ['track_lin_vel_xy_lin', 'feet_slide', 'belly_contact_force']
[DIAG] measure check -> E:\Robot\rl_exp\tools\diagnose\out\v10_meshz\p0_measure_check.json
[DIAG] load closure: ΣF_all/mg=1.0044 residual=-3.1 N a_z_equiv=-0.044 m/s^2 Δv_z=-0.0114 m/s momentum_can_explain=False
[DIAG] non-foot loading: [('tail3_pitch', 72.83, -0.131), ('base_link', 0.0, 0.419), ('chest_yaw', 0.0, None), ('tail1_yaw', 0.0, None), ('rr_haa', 0.0, None)]
[DIAG] mesh min z: {'base_link': 0.419, 'chest_pitch': 0.458, 'neck_pitch': 1.044, 'tail1_pitch': 0.45, 'tail2_pitch': 0.274, 'tail3_pitch': -0.131} tail_pitch_rad=[-0.335, -0.355, -0.115]
[DIAG] load closure_zero_action: ΣF_all/mg=1.0017 residual=-1.2 N a_z_equiv=-0.017 m/s^2 Δv_z=-0.0006 m/s momentum_can_explain=False
[DIAG] non-foot loading_zero_action: [('base_link', 0.0, 0.513), ('chest_yaw', 0.0, None), ('tail1_yaw', 0.0, None), ('rr_haa', 0.0, None), ('rl_haa', 0.0, None)]
[DIAG] mesh min z_zero_action: {'base_link': 0.513, 'chest_pitch': 0.491, 'neck_pitch': 0.913, 'tail1_pitch': 0.547, 'tail2_pitch': 0.494, 'tail3_pitch': 0.348} tail_pitch_rad=[-0.115, -0.039, -0.011]
[DIAG] running p2_flat_v0.3_r0 ...
[DIAG] p2_flat_v0.3_r0: {"fwd_yaw_mean": 0.439, "overshoot_frac": 0.464, "overshoot_abs_frac": 0.464, "fwd_mae_mps": 0.153, "fwd_speed_mean": 0.442, "fwd_speed_std": 0.14, "lat_speed_mean": -0.169, "lat_speed_absmax": 0.394, "crab_deg_mean": -20.9, "v_world_mean": 0.47, "drift_x_m": 3.85, "drift_y_m": -2.78, "slip_y_abs_mean": 0.178, "slip_y_mean": -0.169, "yaw_drift_deg": -8.2, "turn_rate_deg_s": -0.82, "tilt_max_deg": 12.0, "neck_support_frac": 0.0, "neck_support_max_s": 0.0, "belly_gt10n_frac": 0.0, "feet_below2_frac": 0.156, "first_event": "feet_lift", "foot_load_frac": [0.101, 0.07, 0.263, 0.482], "foot_duty": [0.252, 0.108, 0.662, 0.8], "foot_names": ["rr_foot", "rl_foot", "rf_foot", "lf_foot"], "load_closure": {"n_bodies": 27, "sum_all_mean_n": 716.3, "sum_all_ratio": 1.0141, "sum_all_p95_n": 1174.4, "residual_n": -10.0, "a_z_equiv_mps2": -0.139, "dv_z_window_mps": 0.2938, "momentum_can_explain": false, "non_foot_loaded_bodies": ["tail3_pitch"], "loaded_min_mesh_z_m": -0.141, "per_body_desc": [{"body": "lf_foot", "mean_fz_n": 340.79, "frac_of_weight": 0.4825, "z_mean_m": 0.106, "z_min_m": 0.073}, {"body": "rf_foot", "mean_fz_n": 185.8, "frac_of_weight": 0.263, "z_mean_m": 0.141, "z_min_m": 0.099}, {"body": "rr_foot", "mean_fz_n": 71.15, "frac_of_weight": 0.1007, "z_mean_m": 0.159, "z_min_m": 0.095}, {"body": "tail3_pitch", "mean_fz_n": 69.11, "frac_of_weight": 0.0978, "z_mean_m": 0.329, "z_min_m": 0.229, "mesh_min_z_m": -0.141}, {"body": "rl_foot", "mean_fz_n": 49.45, "frac_of_weight": 0.07, "z_mean_m": 0.185, "z_min_m": 0.139}, {"body": "base_link", "mean_fz_n": 0.0, "frac_of_weight": 0.0, "z_mean_m": 0.934, "z_min_m": 0.865, "mesh_min_z_m": 0.419}, {"body": "chest_yaw", "mean_fz_n": 0.0, "frac_of_weight": 0.0, "z_mean_m": 0.934, "z_min_m": 0.865}, {"body": "tail1_yaw", "mean_fz_n": 0.0, "frac_of_weight": 0.0, "z_mean_m": 0.904, "z_min_m": 0.794}, {"body": "rr_haa", "mean_fz_n": 0.0, "frac_of_weight": 0.0, "z_mean_m": 0.827, "z_min_m": 0.768}, {"body": "rl_haa", "mean_fz_n": 0.0, "frac_of_weight": 0.0, "z_mean_m": 0.899, "z_min_m": 0.836}, {"body": "chest_pitch", "mean_fz_n": 0.0, "frac_of_weight": 0.0, "z_mean_m": 0.934, "z_min_m": 0.865, "mesh_min_z_m": 0.478}, {"body": "tail1_pitch", "mean_fz_n": 0.0, "frac_of_weight": 0.0, "z_mean_m": 0.904, "z_min_m": 0.793, "mesh_min_z_m": 0.407}, {"body": "rr_hfe", "mean_fz_n": 0.0, "frac_of_weight": 0.0, "z_mean_m": 0.653, "z_min_m": 0.596}, {"body": "rl_hfe", "mean_fz_n": 0.0, "frac_of_weight": 0.0, "z_mean_m": 0.676, "z_min_m": 0.632}, {"body": "neck_yaw", "mean_fz_n": 0.0, "frac_of_weight": 0.0, "z_mean_m": 1.267, "z_min_m": 1.068}, {"body": "rf_haa", "mean_fz_n": 0.0, "frac_of_weight": 0.0, "z_mean_m": 0.908, "z_min_m": 0.817}, {"body": "lf_haa", "mean_fz_n": 0.0, "frac_of_weight": 0.0, "z_mean_m": 0.962, "z_min_m": 0.919}, {"body": "tail2_yaw", "mean_fz_n": 0.0, "frac_of_weight": 0.0, "z_mean_m": 0.655, "z_min_m": 0.535}, {"body": "rr_kfe", "mean_fz_n": 0.0, "frac_of_weight": 0.0, "z_mean_m": 0.285, "z_min_m": 0.221}, {"body": "rl_kfe", "mean_fz_n": 0.0, "frac_of_weight": 0.0, "z_mean_m": 0.301, "z_min_m": 0.258}, {"body": "neck_pitch", "mean_fz_n": 0.0, "frac_of_weight": 0.0, "z_mean_m": 1.268, "z_min_m": 1.067, "mesh_min_z_m": 0.994}, {"body": "rf_hfe", "mean_fz_n": 0.0, "frac_of_weight": 0.0, "z_mean_m": 0.642, "z_min_m": 0.604}, {"body": "lf_hfe", "mean_fz_n": 0.0, "frac_of_weight": 0.0, "z_mean_m": 0.595, "z_min_m": 0.548}, {"body": "tail2_pitch", "mean_fz_n": 0.0, "frac_of_weight": 0.0, "z_mean_m": 0.652, "z_min_m": 0.533, "mesh_min_z_m": 0.221}, {"body": "rf_kfe", "mean_fz_n": 0.0, "frac_of_weight": 0.0, "z_mean_m": 0.265, "z_min_m": 0.224}, {"body": "lf_kfe", "mean_fz_n": 0.0, "frac_of_weight": 0.0, "z_mean_m": 0.227, "z_min_m": 0.197}, {"body": "tail3_yaw", "mean_fz_n": 0.0, "frac_of_weight": 0.0, "z_mean_m": 0.332, "z_min_m": 0.232}], "non_foot_top": [{"body": "tail3_pitch", "mean_fz_n": 69.11, "frac_of_weight": 0.0978, "z_mean_m": 0.329, "z_min_m": 0.229, "mesh_min_z_m": -0.141}, {"body": "base_link", "mean_fz_n": 0.0, "frac_of_weight": 0.0, "z_mean_m": 0.934, "z_min_m": 0.865, "mesh_min_z_m": 0.419}, {"body": "chest_yaw", "mean_fz_n": 0.0, "frac_of_weight": 0.0, "z_mean_m": 0.934, "z_min_m": 0.865}, {"body": "tail1_yaw", "mean_fz_n": 0.0, "frac_of_weight": 0.0, "z_mean_m": 0.904, "z_min_m": 0.794}, {"body": "rr_haa", "mean_fz_n": 0.0, "frac_of_weight": 0.0, "z_mean_m": 0.827, "z_min_m": 0.768}, {"body": "rl_haa", "mean_fz_n": 0.0, "frac_of_weight": 0.0, "z_mean_m": 0.899, "z_min_m": 0.836}, {"body": "chest_pitch", "mean_fz_n": 0.0, "frac_of_weight": 0.0, "z_mean_m": 0.934, "z_min_m": 0.865, "mesh_min_z_m": 0.478}, {"body": "tail1_pitch", "mean_fz_n": 0.0, "frac_of_weight": 0.0, "z_mean_m": 0.904, "z_min_m": 0.793, "mesh_min_z_m": 0.407}]}, "mesh_min_z_m": {"base_link": 0.419, "chest_pitch": 0.478, "neck_pitch": 0.994, "tail1_pitch": 0.407, "tail2_pitch": 0.221, "tail3_pitch": -0.141}, "tail_joint_pos_rad": [-0.423, -0.358, -0.195], "ledger": {"10": 1.473, "11": -0.004, "12": 0.0}}
[DIAG] running p2_flat_v0.5_r0 ...
[DIAG] p2_flat_v0.5_r0: {"fwd_yaw_mean": 0.624, "overshoot_frac": 0.248, "overshoot_abs_frac": 0.248, "fwd_mae_mps": 0.144, "fwd_speed_mean": 0.628, "fwd_speed_std": 0.146, "lat_speed_mean": -0.24, "lat_speed_absmax": 0.508, "crab_deg_mean": -20.9, "v_world_mean": 0.667, "drift_x_m": 5.59, "drift_y_m": -3.71, "slip_y_abs_mean": 0.25, "slip_y_mean": -0.238, "yaw_drift_deg": -4.9, "turn_rate_deg_s": -0.49, "tilt_max_deg": 11.6, "neck_support_frac": 0.0, "neck_support_max_s": 0.0, "belly_gt10n_frac": 0.0, "feet_below2_frac": 0.224, "first_event": "feet_lift", "foot_load_frac": [0.081, 0.094, 0.263, 0.434], "foot_duty": [0.25, 0.142, 0.588, 0.726], "foot_names": ["rr_foot", "rl_foot", "rf_foot", "lf_foot"], "load_closure": {"n_bodies": 27, "sum_all_mean_n": 684.5, "sum_all_ratio": 0.9691, "sum_all_p95_n": 1236.8, "residual_n": 21.8, "a_z_equiv_mps2": 0.303, "dv_z_window_mps": -0.3673, "momentum_can_explain": false, "non_foot_loaded_bodies": ["tail3_pitch"], "loaded_min_mesh_z_m": -0.14, "per_body_desc": [{"body": "lf_foot", "mean_fz_n": 306.6, "frac_of_weight": 0.4341, "z_mean_m": 0.109, "z_min_m": 0.073}, {"body": "rf_foot", "mean_fz_n": 185.92, "frac_of_weight": 0.2632, "z_mean_m": 0.151, "z_min_m": 0.099}, {"body": "tail3_pitch", "mean_fz_n": 68.18, "frac_of_weight": 0.0965, "z_mean_m": 0.334, "z_min_m": 0.235, "mesh_min_z_m": -0.14}, {"body": "rl_foot", "mean_fz_n": 66.72, "frac_of_weight": 0.0945, "z_mean_m": 0.182, "z_min_m": 0.137}, {"body": "rr_foot", "mean_fz_n": 57.08, "frac_of_weight": 0.0808, "z_mean_m": 0.16, "z_min_m": 0.092}, {"body": "base_link", "mean_fz_n": 0.0, "frac_of_weight": 0.0, "z_mean_m": 0.929, "z_min_m": 0.861, "mesh_min_z_m": 0.425}, {"body": "chest_yaw", "mean_fz_n": 0.0, "frac_of_weight": 0.0, "z_mean_m": 0.929, "z_min_m": 0.861}, {"body": "tail1_yaw", "mean_fz_n": 0.0, "frac_of_weight": 0.0, "z_mean_m": 0.897, "z_min_m": 0.796}, {"body": "rr_haa", "mean_fz_n": 0.0, "frac_of_weight": 0.0, "z_mean_m": 0.826, "z_min_m": 0.784}, {"body": "rl_haa", "mean_fz_n": 0.0, "frac_of_weight": 0.0, "z_mean_m": 0.886, "z_min_m": 0.831}, {"body": "chest_pitch", "mean_fz_n": 0.0, "frac_of_weight": 0.0, "z_mean_m": 0.928, "z_min_m": 0.861, "mesh_min_z_m": 0.449}, {"body": "tail1_pitch", "mean_fz_n": 0.0, "frac_of_weight": 0.0, "z_mean_m": 0.897, "z_min_m": 0.795, "mesh_min_z_m": 0.417}, {"body": "rr_hfe", "mean_fz_n": 0.0, "frac_of_weight": 0.0, "z_mean_m": 0.652, "z_min_m": 0.593}, {"body": "rl_hfe", "mean_fz_n": 0.0, "frac_of_weight": 0.0, "z_mean_m": 0.674, "z_min_m": 0.635}, {"body": "neck_yaw", "mean_fz_n": 0.0, "frac_of_weight": 0.0, "z_mean_m": 1.289, "z_min_m": 1.032}, {"body": "rf_haa", "mean_fz_n": 0.0, "frac_of_weight": 0.0, "z_mean_m": 0.918, "z_min_m": 0.797}, {"body": "lf_haa", "mean_fz_n": 0.0, "frac_of_weight": 0.0, "z_mean_m": 0.961, "z_min_m": 0.917}, {"body": "tail2_yaw", "mean_fz_n": 0.0, "frac_of_weight": 0.0, "z_mean_m": 0.653, "z_min_m": 0.546}, {"body": "rr_kfe", "mean_fz_n": 0.0, "frac_of_weight": 0.0, "z_mean_m": 0.285, "z_min_m": 0.218}, {"body": "rl_kfe", "mean_fz_n": 0.0, "frac_of_weight": 0.0, "z_mean_m": 0.3, "z_min_m": 0.255}, {"body": "neck_pitch", "mean_fz_n": 0.0, "frac_of_weight": 0.0, "z_mean_m": 1.289, "z_min_m": 1.031, "mesh_min_z_m": 0.919}, {"body": "rf_hfe", "mean_fz_n": 0.0, "frac_of_weight": 0.0, "z_mean_m": 0.65, "z_min_m": 0.597}, {"body": "lf_hfe", "mean_fz_n": 0.0, "frac_of_weight": 0.0, "z_mean_m": 0.596, "z_min_m": 0.545}, {"body": "tail2_pitch", "mean_fz_n": 0.0, "frac_of_weight": 0.0, "z_mean_m": 0.65, "z_min_m": 0.543, "mesh_min_z_m": 0.228}, {"body": "rf_kfe", "mean_fz_n": 0.0, "frac_of_weight": 0.0, "z_mean_m": 0.274, "z_min_m": 0.223}, {"body": "lf_kfe", "mean_fz_n": 0.0, "frac_of_weight": 0.0, "z_mean_m": 0.23, "z_min_m": 0.198}, {"body": "tail3_yaw", "mean_fz_n": 0.0, "frac_of_weight": 0.0, "z_mean_m": 0.338, "z_min_m": 0.238}], "non_foot_top": [{"body": "tail3_pitch", "mean_fz_n": 68.18, "frac_of_weight": 0.0965, "z_mean_m": 0.334, "z_min_m": 0.235, "mesh_min_z_m": -0.14}, {"body": "base_link", "mean_fz_n": 0.0, "frac_of_weight": 0.0, "z_mean_m": 0.929, "z_min_m": 0.861, "mesh_min_z_m": 0.425}, {"body": "chest_yaw", "mean_fz_n": 0.0, "frac_of_weight": 0.0, "z_mean_m": 0.929, "z_min_m": 0.861}, {"body": "tail1_yaw", "mean_fz_n": 0.0, "frac_of_weight": 0.0, "z_mean_m": 0.897, "z_min_m": 0.796}, {"body": "rr_haa", "mean_fz_n": 0.0, "frac_of_weight": 0.0, "z_mean_m": 0.826, "z_min_m": 0.784}, {"body": "rl_haa", "mean_fz_n": 0.0, "frac_of_weight": 0.0, "z_mean_m": 0.886, "z_min_m": 0.831}, {"body": "chest_pitch", "mean_fz_n": 0.0, "frac_of_weight": 0.0, "z_mean_m": 0.928, "z_min_m": 0.861, "mesh_min_z_m": 0.449}, {"body": "tail1_pitch", "mean_fz_n": 0.0, "frac_of_weight": 0.0, "z_mean_m": 0.897, "z_min_m": 0.795, "mesh_min_z_m": 0.417}]}, "mesh_min_z_m": {"base_link": 0.425, "chest_pitch": 0.449, "neck_pitch": 0.919, "tail1_pitch": 0.417, "tail2_pitch": 0.228, "tail3_pitch": -0.14}, "tail_joint_pos_rad": [-0.417, -0.35, -0.206], "ledger": {"10": 1.474, "11": -0.009, "12": 0.0}}
[DIAG] running p2_flat_v1_r0 ...
[DIAG] p2_flat_v1_r0: {"fwd_yaw_mean": 1.046, "overshoot_frac": 0.046, "overshoot_abs_frac": 0.046, "fwd_mae_mps": 0.125, "fwd_speed_mean": 1.055, "fwd_speed_std": 0.208, "lat_speed_mean": -0.385, "lat_speed_absmax": 0.809, "crab_deg_mean": -20.1, "v_world_mean": 1.114, "drift_x_m": 10.18, "drift_y_m": -4.51, "slip_y_abs_mean": 0.389, "slip_y_mean": -0.385, "yaw_drift_deg": 2.5, "turn_rate_deg_s": 0.25, "tilt_max_deg": 12.4, "neck_support_frac": 0.0, "neck_support_max_s": 0.0, "belly_gt10n_frac": 0.0, "feet_below2_frac": 0.334, "first_event": "feet_lift", "foot_load_frac": [0.082, 0.098, 0.275, 0.404], "foot_duty": [0.232, 0.176, 0.474, 0.62], "foot_names": ["rr_foot", "rl_foot", "rf_foot", "lf_foot"], "load_closure": {"n_bodies": 27, "sum_all_mean_n": 677.4, "sum_all_ratio": 0.9591, "sum_all_p95_n": 1639.3, "residual_n": 28.9, "a_z_equiv_mps2": 0.401, "dv_z_window_mps": -0.3799, "momentum_can_explain": false, "non_foot_loaded_bodies": ["tail3_pitch"], "loaded_min_mesh_z_m": -0.139, "per_body_desc": [{"body": "lf_foot", "mean_fz_n": 285.41, "frac_of_weight": 0.4041, "z_mean_m": 0.122, "z_min_m": 0.073}, {"body": "rf_foot", "mean_fz_n": 194.31, "frac_of_weight": 0.2751, "z_mean_m": 0.172, "z_min_m": 0.097}, {"body": "tail3_pitch", "mean_fz_n": 70.43, "frac_of_weight": 0.0997, "z_mean_m": 0.359, "z_min_m": 0.247, "mesh_min_z_m": -0.139}, {"body": "rl_foot", "mean_fz_n": 69.45, "frac_of_weight": 0.0983, "z_mean_m": 0.198, "z_min_m": 0.131}, {"body": "rr_foot", "mean_fz_n": 57.82, "frac_of_weight": 0.0819, "z_mean_m": 0.174, "z_min_m": 0.103}, {"body": "base_link", "mean_fz_n": 0.0, "frac_of_weight": 0.0, "z_mean_m": 0.931, "z_min_m": 0.854, "mesh_min_z_m": 0.445}, {"body": "chest_yaw", "mean_fz_n": 0.0, "frac_of_weight": 0.0, "z_mean_m": 0.931, "z_min_m": 0.854}, {"body": "tail1_yaw", "mean_fz_n": 0.0, "frac_of_weight": 0.0, "z_mean_m": 0.911, "z_min_m": 0.81}, {"body": "rr_haa", "mean_fz_n": 0.0, "frac_of_weight": 0.0, "z_mean_m": 0.841, "z_min_m": 0.795}, {"body": "rl_haa", "mean_fz_n": 0.0, "frac_of_weight": 0.0, "z_mean_m": 0.889, "z_min_m": 0.838}, {"body": "chest_pitch", "mean_fz_n": 0.0, "frac_of_weight": 0.0, "z_mean_m": 0.931, "z_min_m": 0.854, "mesh_min_z_m": 0.451}, {"body": "tail1_pitch", "mean_fz_n": 0.0, "frac_of_weight": 0.0, "z_mean_m": 0.911, "z_min_m": 0.809, "mesh_min_z_m": 0.438}, {"body": "rr_hfe", "mean_fz_n": 0.0, "frac_of_weight": 0.0, "z_mean_m": 0.663, "z_min_m": 0.604}, {"body": "rl_hfe", "mean_fz_n": 0.0, "frac_of_weight": 0.0, "z_mean_m": 0.689, "z_min_m": 0.633}, {"body": "neck_yaw", "mean_fz_n": 0.0, "frac_of_weight": 0.0, "z_mean_m": 1.314, "z_min_m": 1.042}, {"body": "rf_haa", "mean_fz_n": 0.0, "frac_of_weight": 0.0, "z_mean_m": 0.934, "z_min_m": 0.783}, {"body": "lf_haa", "mean_fz_n": 0.0, "frac_of_weight": 0.0, "z_mean_m": 0.969, "z_min_m": 0.913}, {"body": "tail2_yaw", "mean_fz_n": 0.0, "frac_of_weight": 0.0, "z_mean_m": 0.674, "z_min_m": 0.564}, {"body": "rr_kfe", "mean_fz_n": 0.0, "frac_of_weight": 0.0, "z_mean_m": 0.297, "z_min_m": 0.229}, {"body": "rl_kfe", "mean_fz_n": 0.0, "frac_of_weight": 0.0, "z_mean_m": 0.318, "z_min_m": 0.254}, {"body": "neck_pitch", "mean_fz_n": 0.0, "frac_of_weight": 0.0, "z_mean_m": 1.315, "z_min_m": 1.042, "mesh_min_z_m": 0.935}, {"body": "rf_hfe", "mean_fz_n": 0.0, "frac_of_weight": 0.0, "z_mean_m": 0.666, "z_min_m": 0.593}, {"body": "lf_hfe", "mean_fz_n": 0.0, "frac_of_weight": 0.0, "z_mean_m": 0.605, "z_min_m": 0.552}, {"body": "tail2_pitch", "mean_fz_n": 0.0, "frac_of_weight": 0.0, "z_mean_m": 0.672, "z_min_m": 0.561, "mesh_min_z_m": 0.233}, {"body": "rf_kfe", "mean_fz_n": 0.0, "frac_of_weight": 0.0, "z_mean_m": 0.293, "z_min_m": 0.22}, {"body": "lf_kfe", "mean_fz_n": 0.0, "frac_of_weight": 0.0, "z_mean_m": 0.241, "z_min_m": 0.199}, {"body": "tail3_yaw", "mean_fz_n": 0.0, "frac_of_weight": 0.0, "z_mean_m": 0.362, "z_min_m": 0.249}], "non_foot_top": [{"body": "tail3_pitch", "mean_fz_n": 70.43, "frac_of_weight": 0.0997, "z_mean_m": 0.359, "z_min_m": 0.247, "mesh_min_z_m": -0.139}, {"body": "base_link", "mean_fz_n": 0.0, "frac_of_weight": 0.0, "z_mean_m": 0.931, "z_min_m": 0.854, "mesh_min_z_m": 0.445}, {"body": "chest_yaw", "mean_fz_n": 0.0, "frac_of_weight": 0.0, "z_mean_m": 0.931, "z_min_m": 0.854}, {"body": "tail1_yaw", "mean_fz_n": 0.0, "frac_of_weight": 0.0, "z_mean_m": 0.911, "z_min_m": 0.81}, {"body": "rr_haa", "mean_fz_n": 0.0, "frac_of_weight": 0.0, "z_mean_m": 0.841, "z_min_m": 0.795}, {"body": "rl_haa", "mean_fz_n": 0.0, "frac_of_weight": 0.0, "z_mean_m": 0.889, "z_min_m": 0.838}, {"body": "chest_pitch", "mean_fz_n": 0.0, "frac_of_weight": 0.0, "z_mean_m": 0.931, "z_min_m": 0.854, "mesh_min_z_m": 0.451}, {"body": "tail1_pitch", "mean_fz_n": 0.0, "frac_of_weight": 0.0, "z_mean_m": 0.911, "z_min_m": 0.809, "mesh_min_z_m": 0.438}]}, "mesh_min_z_m": {"base_link": 0.445, "chest_pitch": 0.451, "neck_pitch": 0.935, "tail1_pitch": 0.438, "tail2_pitch": 0.233, "tail3_pitch": -0.139}, "tail_joint_pos_rad": [-0.41, -0.365, -0.28], "ledger": {"10": 1.445, "11": -0.019, "12": 0.0}}
[DIAG] running p2_flat_v0.3_r1 ...
[DIAG] p2_flat_v0.3_r1: {"fwd_yaw_mean": 0.456, "overshoot_frac": 0.52, "overshoot_abs_frac": 0.52, "fwd_mae_mps": 0.159, "fwd_speed_mean": 0.459, "fwd_speed_std": 0.122, "lat_speed_mean": -0.169, "lat_speed_absmax": 0.416, "crab_deg_mean": -20.2, "v_world_mean": 0.485, "drift_x_m": 4.11, "drift_y_m": -2.64, "slip_y_abs_mean": 0.178, "slip_y_mean": -0.168, "yaw_drift_deg": -5.5, "turn_rate_deg_s": -0.55, "tilt_max_deg": 11.4, "neck_support_frac": 0.0, "neck_support_max_s": 0.0, "belly_gt10n_frac": 0.0, "feet_below2_frac": 0.198, "first_event": "feet_lift", "foot_load_frac": [0.081, 0.059, 0.259, 0.465], "foot_duty": [0.236, 0.1, 0.648, 0.794], "foot_names": ["rr_foot", "rl_foot", "rf_foot", "lf_foot"], "load_closure": {"n_bodies": 27, "sum_all_mean_n": 676.0, "sum_all_ratio": 0.957, "sum_all_p95_n": 1043.6, "residual_n": 30.3, "a_z_equiv_mps2": 0.421, "dv_z_window_mps": 0.4475, "momentum_can_explain": false, "non_foot_loaded_bodies": ["tail3_pitch"], "loaded_min_mesh_z_m": -0.141, "per_body_desc": [{"body": "lf_foot", "mean_fz_n": 328.35, "frac_of_weight": 0.4649, "z_mean_m": 0.107, "z_min_m": 0.073}, {"body": "rf_foot", "mean_fz_n": 182.65, "frac_of_weight": 0.2586, "z_mean_m": 0.14, "z_min_m": 0.097}, {"body": "tail3_pitch", "mean_fz_n": 65.49, "frac_of_weight": 0.0927, "z_mean_m": 0.325, "z_min_m": 0.231, "mesh_min_z_m": -0.141}, {"body": "rr_foot", "mean_fz_n": 57.49, "frac_of_weight": 0.0814, "z_mean_m": 0.153, "z_min_m": 0.091}, {"body": "rl_foot", "mean_fz_n": 42.01, "frac_of_weight": 0.0595, "z_mean_m": 0.187, "z_min_m": 0.139}, {"body": "base_link", "mean_fz_n": 0.0, "frac_of_weight": 0.0, "z_mean_m": 0.935, "z_min_m": 0.867, "mesh_min_z_m": 0.42}, {"body": "chest_yaw", "mean_fz_n": 0.0, "frac_of_weight": 0.0, "z_mean_m": 0.935, "z_min_m": 0.867}, {"body": "tail1_yaw", "mean_fz_n": 0.0, "frac_of_weight": 0.0, "z_mean_m": 0.899, "z_min_m": 0.797}, {"body": "rr_haa", "mean_fz_n": 0.0, "frac_of_weight": 0.0, "z_mean_m": 0.824, "z_min_m": 0.769}, {"body": "rl_haa", "mean_fz_n": 0.0, "frac_of_weight": 0.0, "z_mean_m": 0.896, "z_min_m": 0.838}, {"body": "chest_pitch", "mean_fz_n": 0.0, "frac_of_weight": 0.0, "z_mean_m": 0.935, "z_min_m": 0.867, "mesh_min_z_m": 0.461}, {"body": "tail1_pitch", "mean_fz_n": 0.0, "frac_of_weight": 0.0, "z_mean_m": 0.898, "z_min_m": 0.796, "mesh_min_z_m": 0.409}, {"body": "rr_hfe", "mean_fz_n": 0.0, "frac_of_weight": 0.0, "z_mean_m": 0.647, "z_min_m": 0.591}, {"body": "rl_hfe", "mean_fz_n": 0.0, "frac_of_weight": 0.0, "z_mean_m": 0.677, "z_min_m": 0.634}, {"body": "neck_yaw", "mean_fz_n": 0.0, "frac_of_weight": 0.0, "z_mean_m": 1.264, "z_min_m": 1.036}, {"body": "rf_haa", "mean_fz_n": 0.0, "frac_of_weight": 0.0, "z_mean_m": 0.908, "z_min_m": 0.818}, {"body": "lf_haa", "mean_fz_n": 0.0, "frac_of_weight": 0.0, "z_mean_m": 0.96, "z_min_m": 0.915}, {"body": "tail2_yaw", "mean_fz_n": 0.0, "frac_of_weight": 0.0, "z_mean_m": 0.65, "z_min_m": 0.538}, {"body": "rr_kfe", "mean_fz_n": 0.0, "frac_of_weight": 0.0, "z_mean_m": 0.279, "z_min_m": 0.216}, {"body": "rl_kfe", "mean_fz_n": 0.0, "frac_of_weight": 0.0, "z_mean_m": 0.302, "z_min_m": 0.254}, {"body": "neck_pitch", "mean_fz_n": 0.0, "frac_of_weight": 0.0, "z_mean_m": 1.265, "z_min_m": 1.035, "mesh_min_z_m": 0.923}, {"body": "rf_hfe", "mean_fz_n": 0.0, "frac_of_weight": 0.0, "z_mean_m": 0.641, "z_min_m": 0.598}, {"body": "lf_hfe", "mean_fz_n": 0.0, "frac_of_weight": 0.0, "z_mean_m": 0.596, "z_min_m": 0.555}, {"body": "tail2_pitch", "mean_fz_n": 0.0, "frac_of_weight": 0.0, "z_mean_m": 0.647, "z_min_m": 0.535, "mesh_min_z_m": 0.223}, {"body": "rf_kfe", "mean_fz_n": 0.0, "frac_of_weight": 0.0, "z_mean_m": 0.264, "z_min_m": 0.222}, {"body": "lf_kfe", "mean_fz_n": 0.0, "frac_of_weight": 0.0, "z_mean_m": 0.228, "z_min_m": 0.198}, {"body": "tail3_yaw", "mean_fz_n": 0.0, "frac_of_weight": 0.0, "z_mean_m": 0.329, "z_min_m": 0.234}], "non_foot_top": [{"body": "tail3_pitch", "mean_fz_n": 65.49, "frac_of_weight": 0.0927, "z_mean_m": 0.325, "z_min_m": 0.231, "mesh_min_z_m": -0.141}, {"body": "base_link", "mean_fz_n": 0.0, "frac_of_weight": 0.0, "z_mean_m": 0.935, "z_min_m": 0.867, "mesh_min_z_m": 0.42}, {"body": "chest_yaw", "mean_fz_n": 0.0, "frac_of_weight": 0.0, "z_mean_m": 0.935, "z_min_m": 0.867}, {"body": "tail1_yaw", "mean_fz_n": 0.0, "frac_of_weight": 0.0, "z_mean_m": 0.899, "z_min_m": 0.797}, {"body": "rr_haa", "mean_fz_n": 0.0, "frac_of_weight": 0.0, "z_mean_m": 0.824, "z_min_m": 0.769}, {"body": "rl_haa", "mean_fz_n": 0.0, "frac_of_weight": 0.0, "z_mean_m": 0.896, "z_min_m": 0.838}, {"body": "chest_pitch", "mean_fz_n": 0.0, "frac_of_weight": 0.0, "z_mean_m": 0.935, "z_min_m": 0.867, "mesh_min_z_m": 0.461}, {"body": "tail1_pitch", "mean_fz_n": 0.0, "frac_of_weight": 0.0, "z_mean_m": 0.898, "z_min_m": 0.796, "mesh_min_z_m": 0.409}]}, "mesh_min_z_m": {"base_link": 0.42, "chest_pitch": 0.461, "neck_pitch": 0.923, "tail1_pitch": 0.409, "tail2_pitch": 0.223, "tail3_pitch": -0.141}, "tail_joint_pos_rad": [-0.418, -0.352, -0.185], "ledger": {"10": 1.495, "11": -0.009, "12": 0.0}}
[DIAG] running p2_flat_v0.5_r1 ...
[DIAG] p2_flat_v0.5_r1: {"fwd_yaw_mean": 0.623, "overshoot_frac": 0.246, "overshoot_abs_frac": 0.246, "fwd_mae_mps": 0.143, "fwd_speed_mean": 0.628, "fwd_speed_std": 0.147, "lat_speed_mean": -0.235, "lat_speed_absmax": 0.561, "crab_deg_mean": -20.6, "v_world_mean": 0.665, "drift_x_m": 5.51, "drift_y_m": -3.78, "slip_y_abs_mean": 0.244, "slip_y_mean": -0.234, "yaw_drift_deg": -5.8, "turn_rate_deg_s": -0.58, "tilt_max_deg": 10.8, "neck_support_frac": 0.0, "neck_support_max_s": 0.0, "belly_gt10n_frac": 0.0, "feet_below2_frac": 0.214, "first_event": "feet_lift", "foot_load_frac": [0.082, 0.091, 0.268, 0.438], "foot_duty": [0.258, 0.144, 0.59, 0.732], "foot_names": ["rr_foot", "rl_foot", "rf_foot", "lf_foot"], "load_closure": {"n_bodies": 27, "sum_all_mean_n": 687.4, "sum_all_ratio": 0.9733, "sum_all_p95_n": 1207.6, "residual_n": 18.9, "a_z_equiv_mps2": 0.262, "dv_z_window_mps": -0.1307, "momentum_can_explain": false, "non_foot_loaded_bodies": ["tail3_pitch"], "loaded_min_mesh_z_m": -0.14, "per_body_desc": [{"body": "lf_foot", "mean_fz_n": 309.27, "frac_of_weight": 0.4379, "z_mean_m": 0.109, "z_min_m": 0.073}, {"body": "rf_foot", "mean_fz_n": 189.42, "frac_of_weight": 0.2682, "z_mean_m": 0.151, "z_min_m": 0.094}, {"body": "tail3_pitch", "mean_fz_n": 66.45, "frac_of_weight": 0.0941, "z_mean_m": 0.332, "z_min_m": 0.239, "mesh_min_z_m": -0.14}, {"body": "rl_foot", "mean_fz_n": 64.33, "frac_of_weight": 0.0911, "z_mean_m": 0.182, "z_min_m": 0.137}, {"body": "rr_foot", "mean_fz_n": 57.98, "frac_of_weight": 0.0821, "z_mean_m": 0.161, "z_min_m": 0.09}, {"body": "base_link", "mean_fz_n": 0.0, "frac_of_weight": 0.0, "z_mean_m": 0.93, "z_min_m": 0.858, "mesh_min_z_m": 0.427}, {"body": "chest_yaw", "mean_fz_n": 0.0, "frac_of_weight": 0.0, "z_mean_m": 0.93, "z_min_m": 0.858}, {"body": "tail1_yaw", "mean_fz_n": 0.0, "frac_of_weight": 0.0, "z_mean_m": 0.897, "z_min_m": 0.798}, {"body": "rr_haa", "mean_fz_n": 0.0, "frac_of_weight": 0.0, "z_mean_m": 0.827, "z_min_m": 0.782}, {"body": "rl_haa", "mean_fz_n": 0.0, "frac_of_weight": 0.0, "z_mean_m": 0.887, "z_min_m": 0.833}, {"body": "chest_pitch", "mean_fz_n": 0.0, "frac_of_weight": 0.0, "z_mean_m": 0.93, "z_min_m": 0.858, "mesh_min_z_m": 0.439}, {"body": "tail1_pitch", "mean_fz_n": 0.0, "frac_of_weight": 0.0, "z_mean_m": 0.897, "z_min_m": 0.797, "mesh_min_z_m": 0.421}, {"body": "rr_hfe", "mean_fz_n": 0.0, "frac_of_weight": 0.0, "z_mean_m": 0.653, "z_min_m": 0.591}, {"body": "rl_hfe", "mean_fz_n": 0.0, "frac_of_weight": 0.0, "z_mean_m": 0.674, "z_min_m": 0.632}, {"body": "neck_yaw", "mean_fz_n": 0.0, "frac_of_weight": 0.0, "z_mean_m": 1.287, "z_min_m": 1.017}, {"body": "rf_haa", "mean_fz_n": 0.0, "frac_of_weight": 0.0, "z_mean_m": 0.918, "z_min_m": 0.794}, {"body": "lf_haa", "mean_fz_n": 0.0, "frac_of_weight": 0.0, "z_mean_m": 0.961, "z_min_m": 0.912}, {"body": "tail2_yaw", "mean_fz_n": 0.0, "frac_of_weight": 0.0, "z_mean_m": 0.652, "z_min_m": 0.55}, {"body": "rr_kfe", "mean_fz_n": 0.0, "frac_of_weight": 0.0, "z_mean_m": 0.286, "z_min_m": 0.216}, {"body": "rl_kfe", "mean_fz_n": 0.0, "frac_of_weight": 0.0, "z_mean_m": 0.299, "z_min_m": 0.252}, {"body": "neck_pitch", "mean_fz_n": 0.0, "frac_of_weight": 0.0, "z_mean_m": 1.287, "z_min_m": 1.016, "mesh_min_z_m": 0.895}, {"body": "rf_hfe", "mean_fz_n": 0.0, "frac_of_weight": 0.0, "z_mean_m": 0.65, "z_min_m": 0.592}, {"body": "lf_hfe", "mean_fz_n": 0.0, "frac_of_weight": 0.0, "z_mean_m": 0.596, "z_min_m": 0.544}, {"body": "tail2_pitch", "mean_fz_n": 0.0, "frac_of_weight": 0.0, "z_mean_m": 0.649, "z_min_m": 0.548, "mesh_min_z_m": 0.229}, {"body": "rf_kfe", "mean_fz_n": 0.0, "frac_of_weight": 0.0, "z_mean_m": 0.274, "z_min_m": 0.218}, {"body": "lf_kfe", "mean_fz_n": 0.0, "frac_of_weight": 0.0, "z_mean_m": 0.23, "z_min_m": 0.198}, {"body": "tail3_yaw", "mean_fz_n": 0.0, "frac_of_weight": 0.0, "z_mean_m": 0.336, "z_min_m": 0.242}], "non_foot_top": [{"body": "tail3_pitch", "mean_fz_n": 66.45, "frac_of_weight": 0.0941, "z_mean_m": 0.332, "z_min_m": 0.239, "mesh_min_z_m": -0.14}, {"body": "base_link", "mean_fz_n": 0.0, "frac_of_weight": 0.0, "z_mean_m": 0.93, "z_min_m": 0.858, "mesh_min_z_m": 0.427}, {"body": "chest_yaw", "mean_fz_n": 0.0, "frac_of_weight": 0.0, "z_mean_m": 0.93, "z_min_m": 0.858}, {"body": "tail1_yaw", "mean_fz_n": 0.0, "frac_of_weight": 0.0, "z_mean_m": 0.897, "z_min_m": 0.798}, {"body": "rr_haa", "mean_fz_n": 0.0, "frac_of_weight": 0.0, "z_mean_m": 0.827, "z_min_m": 0.782}, {"body": "rl_haa", "mean_fz_n": 0.0, "frac_of_weight": 0.0, "z_mean_m": 0.887, "z_min_m": 0.833}, {"body": "chest_pitch", "mean_fz_n": 0.0, "frac_of_weight": 0.0, "z_mean_m": 0.93, "z_min_m": 0.858, "mesh_min_z_m": 0.439}, {"body": "tail1_pitch", "mean_fz_n": 0.0, "frac_of_weight": 0.0, "z_mean_m": 0.897, "z_min_m": 0.797, "mesh_min_z_m": 0.421}]}, "mesh_min_z_m": {"base_link": 0.427, "chest_pitch": 0.439, "neck_pitch": 0.895, "tail1_pitch": 0.421, "tail2_pitch": 0.229, "tail3_pitch": -0.14}, "tail_joint_pos_rad": [-0.418, -0.351, -0.207], "ledger": {"10": 1.474, "11": -0.014, "12": 0.0}}
[DIAG] running p2_flat_v1_r1 ...
[DIAG] p2_flat_v1_r1: {"fwd_yaw_mean": 1.064, "overshoot_frac": 0.064, "overshoot_abs_frac": 0.064, "fwd_mae_mps": 0.116, "fwd_speed_mean": 1.071, "fwd_speed_std": 0.163, "lat_speed_mean": -0.392, "lat_speed_absmax": 0.803, "crab_deg_mean": -20.1, "v_world_mean": 1.135, "drift_x_m": 9.75, "drift_y_m": -5.89, "slip_y_abs_mean": 0.392, "slip_y_mean": -0.391, "yaw_drift_deg": -10.8, "turn_rate_deg_s": -1.09, "tilt_max_deg": 10.3, "neck_support_frac": 0.0, "neck_support_max_s": 0.0, "belly_gt10n_frac": 0.0, "feet_below2_frac": 0.348, "first_event": "feet_lift", "foot_load_frac": [0.083, 0.1, 0.252, 0.403], "foot_duty": [0.236, 0.178, 0.472, 0.608], "foot_names": ["rr_foot", "rl_foot", "rf_foot", "lf_foot"], "load_closure": {"n_bodies": 27, "sum_all_mean_n": 665.1, "sum_all_ratio": 0.9416, "sum_all_p95_n": 1567.6, "residual_n": 41.2, "a_z_equiv_mps2": 0.573, "dv_z_window_mps": -0.3122, "momentum_can_explain": false, "non_foot_loaded_bodies": ["tail3_pitch"], "loaded_min_mesh_z_m": -0.138, "per_body_desc": [{"body": "lf_foot", "mean_fz_n": 284.78, "frac_of_weight": 0.4032, "z_mean_m": 0.122, "z_min_m": 0.073}, {"body": "rf_foot", "mean_fz_n": 177.83, "frac_of_weight": 0.2518, "z_mean_m": 0.17, "z_min_m": 0.101}, {"body": "tail3_pitch", "mean_fz_n": 73.0, "frac_of_weight": 0.1034, "z_mean_m": 0.352, "z_min_m": 0.252, "mesh_min_z_m": -0.138}, {"body": "rl_foot", "mean_fz_n": 70.81, "frac_of_weight": 0.1002, "z_mean_m": 0.197, "z_min_m": 0.131}, {"body": "rr_foot", "mean_fz_n": 58.67, "frac_of_weight": 0.0831, "z_mean_m": 0.174, "z_min_m": 0.107}, {"body": "base_link", "mean_fz_n": 0.0, "frac_of_weight": 0.0, "z_mean_m": 0.933, "z_min_m": 0.852, "mesh_min_z_m": 0.446}, {"body": "chest_yaw", "mean_fz_n": 0.0, "frac_of_weight": 0.0, "z_mean_m": 0.933, "z_min_m": 0.852}, {"body": "tail1_yaw", "mean_fz_n": 0.0, "frac_of_weight": 0.0, "z_mean_m": 0.908, "z_min_m": 0.812}, {"body": "rr_haa", "mean_fz_n": 0.0, "frac_of_weight": 0.0, "z_mean_m": 0.84, "z_min_m": 0.799}, {"body": "rl_haa", "mean_fz_n": 0.0, "frac_of_weight": 0.0, "z_mean_m": 0.887, "z_min_m": 0.827}, {"body": "chest_pitch", "mean_fz_n": 0.0, "frac_of_weight": 0.0, "z_mean_m": 0.932, "z_min_m": 0.852, "mesh_min_z_m": 0.424}, {"body": "tail1_pitch", "mean_fz_n": 0.0, "frac_of_weight": 0.0, "z_mean_m": 0.908, "z_min_m": 0.811, "mesh_min_z_m": 0.441}, {"body": "rr_hfe", "mean_fz_n": 0.0, "frac_of_weight": 0.0, "z_mean_m": 0.664, "z_min_m": 0.608}, {"body": "rl_hfe", "mean_fz_n": 0.0, "frac_of_weight": 0.0, "z_mean_m": 0.688, "z_min_m": 0.635}, {"body": "neck_yaw", "mean_fz_n": 0.0, "frac_of_weight": 0.0, "z_mean_m": 1.315, "z_min_m": 0.981}, {"body": "rf_haa", "mean_fz_n": 0.0, "frac_of_weight": 0.0, "z_mean_m": 0.935, "z_min_m": 0.79}, {"body": "lf_haa", "mean_fz_n": 0.0, "frac_of_weight": 0.0, "z_mean_m": 0.97, "z_min_m": 0.9}, {"body": "tail2_yaw", "mean_fz_n": 0.0, "frac_of_weight": 0.0, "z_mean_m": 0.669, "z_min_m": 0.567}, {"body": "rr_kfe", "mean_fz_n": 0.0, "frac_of_weight": 0.0, "z_mean_m": 0.297, "z_min_m": 0.234}, {"body": "rl_kfe", "mean_fz_n": 0.0, "frac_of_weight": 0.0, "z_mean_m": 0.317, "z_min_m": 0.254}, {"body": "neck_pitch", "mean_fz_n": 0.0, "frac_of_weight": 0.0, "z_mean_m": 1.315, "z_min_m": 0.98, "mesh_min_z_m": 0.881}, {"body": "rf_hfe", "mean_fz_n": 0.0, "frac_of_weight": 0.0, "z_mean_m": 0.663, "z_min_m": 0.594}, {"body": "lf_hfe", "mean_fz_n": 0.0, "frac_of_weight": 0.0, "z_mean_m": 0.604, "z_min_m": 0.545}, {"body": "tail2_pitch", "mean_fz_n": 0.0, "frac_of_weight": 0.0, "z_mean_m": 0.666, "z_min_m": 0.565, "mesh_min_z_m": 0.237}, {"body": "rf_kfe", "mean_fz_n": 0.0, "frac_of_weight": 0.0, "z_mean_m": 0.29, "z_min_m": 0.222}, {"body": "lf_kfe", "mean_fz_n": 0.0, "frac_of_weight": 0.0, "z_mean_m": 0.241, "z_min_m": 0.198}, {"body": "tail3_yaw", "mean_fz_n": 0.0, "frac_of_weight": 0.0, "z_mean_m": 0.355, "z_min_m": 0.255}], "non_foot_top": [{"body": "tail3_pitch", "mean_fz_n": 73.0, "frac_of_weight": 0.1034, "z_mean_m": 0.352, "z_min_m": 0.252, "mesh_min_z_m": -0.138}, {"body": "base_link", "mean_fz_n": 0.0, "frac_of_weight": 0.0, "z_mean_m": 0.933, "z_min_m": 0.852, "mesh_min_z_m": 0.446}, {"body": "chest_yaw", "mean_fz_n": 0.0, "frac_of_weight": 0.0, "z_mean_m": 0.933, "z_min_m": 0.852}, {"body": "tail1_yaw", "mean_fz_n": 0.0, "frac_of_weight": 0.0, "z_mean_m": 0.908, "z_min_m": 0.812}, {"body": "rr_haa", "mean_fz_n": 0.0, "frac_of_weight": 0.0, "z_mean_m": 0.84, "z_min_m": 0.799}, {"body": "rl_haa", "mean_fz_n": 0.0, "frac_of_weight": 0.0, "z_mean_m": 0.887, "z_min_m": 0.827}, {"body": "chest_pitch", "mean_fz_n": 0.0, "frac_of_weight": 0.0, "z_mean_m": 0.932, "z_min_m": 0.852, "mesh_min_z_m": 0.424}, {"body": "tail1_pitch", "mean_fz_n": 0.0, "frac_of_weight": 0.0, "z_mean_m": 0.908, "z_min_m": 0.811, "mesh_min_z_m": 0.441}]}, "mesh_min_z_m": {"base_link": 0.446, "chest_pitch": 0.424, "neck_pitch": 0.881, "tail1_pitch": 0.441, "tail2_pitch": 0.237, "tail3_pitch": -0.138}, "tail_joint_pos_rad": [-0.414, -0.365, -0.278], "ledger": {"10": 1.464, "11": -0.025, "12": 0.0}}
[DIAG] running p2_flat_v0.3_r2 ...
[DIAG] p2_flat_v0.3_r2: {"fwd_yaw_mean": 0.45, "overshoot_frac": 0.501, "overshoot_abs_frac": 0.501, "fwd_mae_mps": 0.156, "fwd_speed_mean": 0.453, "fwd_speed_std": 0.139, "lat_speed_mean": -0.152, "lat_speed_absmax": 0.571, "crab_deg_mean": -18.6, "v_world_mean": 0.472, "drift_x_m": 3.96, "drift_y_m": -2.63, "slip_y_abs_mean": 0.18, "slip_y_mean": -0.152, "yaw_drift_deg": -7.6, "turn_rate_deg_s": -0.76, "tilt_max_deg": 12.6, "neck_support_frac": 0.0, "neck_support_max_s": 0.0, "belly_gt10n_frac": 0.0, "feet_below2_frac": 0.152, "first_event": "feet_lift", "foot_load_frac": [0.074, 0.085, 0.266, 0.469], "foot_duty": [0.24, 0.114, 0.664, 0.792], "foot_names": ["rr_foot", "rl_foot", "rf_foot", "lf_foot"], "load_closure": {"n_bodies": 27, "sum_all_mean_n": 696.8, "sum_all_ratio": 0.9866, "sum_all_p95_n": 1092.5, "residual_n": 9.5, "a_z_equiv_mps2": 0.132, "dv_z_window_mps": 0.2724, "momentum_can_explain": false, "non_foot_loaded_bodies": ["tail3_pitch"], "loaded_min_mesh_z_m": -0.14, "per_body_desc": [{"body": "lf_foot", "mean_fz_n": 331.4, "frac_of_weight": 0.4692, "z_mean_m": 0.106, "z_min_m": 0.073}, {"body": "rf_foot", "mean_fz_n": 188.07, "frac_of_weight": 0.2663, "z_mean_m": 0.141, "z_min_m": 0.098}, {"body": "tail3_pitch", "mean_fz_n": 65.67, "frac_of_weight": 0.093, "z_mean_m": 0.339, "z_min_m": 0.241, "mesh_min_z_m": -0.14}, {"body": "rl_foot", "mean_fz_n": 59.75, "frac_of_weight": 0.0846, "z_mean_m": 0.19, "z_min_m": 0.141}, {"body": "rr_foot", "mean_fz_n": 51.96, "frac_of_weight": 0.0736, "z_mean_m": 0.165, "z_min_m": 0.095}, {"body": "base_link", "mean_fz_n": 0.0, "frac_of_weight": 0.0, "z_mean_m": 0.938, "z_min_m": 0.869, "mesh_min_z_m": 0.444}, {"body": "chest_yaw", "mean_fz_n": 0.0, "frac_of_weight": 0.0, "z_mean_m": 0.938, "z_min_m": 0.869}, {"body": "tail1_yaw", "mean_fz_n": 0.0, "frac_of_weight": 0.0, "z_mean_m": 0.915, "z_min_m": 0.822}, {"body": "rr_haa", "mean_fz_n": 0.0, "frac_of_weight": 0.0, "z_mean_m": 0.835, "z_min_m": 0.777}, {"body": "rl_haa", "mean_fz_n": 0.0, "frac_of_weight": 0.0, "z_mean_m": 0.905, "z_min_m": 0.853}, {"body": "chest_pitch", "mean_fz_n": 0.0, "frac_of_weight": 0.0, "z_mean_m": 0.937, "z_min_m": 0.869, "mesh_min_z_m": 0.479}, {"body": "tail1_pitch", "mean_fz_n": 0.0, "frac_of_weight": 0.0, "z_mean_m": 0.915, "z_min_m": 0.821, "mesh_min_z_m": 0.431}, {"body": "rr_hfe", "mean_fz_n": 0.0, "frac_of_weight": 0.0, "z_mean_m": 0.659, "z_min_m": 0.596}, {"body": "rl_hfe", "mean_fz_n": 0.0, "frac_of_weight": 0.0, "z_mean_m": 0.681, "z_min_m": 0.637}, {"body": "neck_yaw", "mean_fz_n": 0.0, "frac_of_weight": 0.0, "z_mean_m": 1.266, "z_min_m": 1.08}, {"body": "rf_haa", "mean_fz_n": 0.0, "frac_of_weight": 0.0, "z_mean_m": 0.908, "z_min_m": 0.835}, {"body": "lf_haa", "mean_fz_n": 0.0, "frac_of_weight": 0.0, "z_mean_m": 0.964, "z_min_m": 0.907}, {"body": "tail2_yaw", "mean_fz_n": 0.0, "frac_of_weight": 0.0, "z_mean_m": 0.666, "z_min_m": 0.559}, {"body": "rr_kfe", "mean_fz_n": 0.0, "frac_of_weight": 0.0, "z_mean_m": 0.291, "z_min_m": 0.22}, {"body": "rl_kfe", "mean_fz_n": 0.0, "frac_of_weight": 0.0, "z_mean_m": 0.305, "z_min_m": 0.258}, {"body": "neck_pitch", "mean_fz_n": 0.0, "frac_of_weight": 0.0, "z_mean_m": 1.267, "z_min_m": 1.08, "mesh_min_z_m": 1.004}, {"body": "rf_hfe", "mean_fz_n": 0.0, "frac_of_weight": 0.0, "z_mean_m": 0.642, "z_min_m": 0.604}, {"body": "lf_hfe", "mean_fz_n": 0.0, "frac_of_weight": 0.0, "z_mean_m": 0.595, "z_min_m": 0.542}, {"body": "tail2_pitch", "mean_fz_n": 0.0, "frac_of_weight": 0.0, "z_mean_m": 0.663, "z_min_m": 0.557, "mesh_min_z_m": 0.232}, {"body": "rf_kfe", "mean_fz_n": 0.0, "frac_of_weight": 0.0, "z_mean_m": 0.265, "z_min_m": 0.223}, {"body": "lf_kfe", "mean_fz_n": 0.0, "frac_of_weight": 0.0, "z_mean_m": 0.228, "z_min_m": 0.198}, {"body": "tail3_yaw", "mean_fz_n": 0.0, "frac_of_weight": 0.0, "z_mean_m": 0.342, "z_min_m": 0.245}], "non_foot_top": [{"body": "tail3_pitch", "mean_fz_n": 65.67, "frac_of_weight": 0.093, "z_mean_m": 0.339, "z_min_m": 0.241, "mesh_min_z_m": -0.14}, {"body": "base_link", "mean_fz_n": 0.0, "frac_of_weight": 0.0, "z_mean_m": 0.938, "z_min_m": 0.869, "mesh_min_z_m": 0.444}, {"body": "chest_yaw", "mean_fz_n": 0.0, "frac_of_weight": 0.0, "z_mean_m": 0.938, "z_min_m": 0.869}, {"body": "tail1_yaw", "mean_fz_n": 0.0, "frac_of_weight": 0.0, "z_mean_m": 0.915, "z_min_m": 0.822}, {"body": "rr_haa", "mean_fz_n": 0.0, "frac_of_weight": 0.0, "z_mean_m": 0.835, "z_min_m": 0.777}, {"body": "rl_haa", "mean_fz_n": 0.0, "frac_of_weight": 0.0, "z_mean_m": 0.905, "z_min_m": 0.853}, {"body": "chest_pitch", "mean_fz_n": 0.0, "frac_of_weight": 0.0, "z_mean_m": 0.937, "z_min_m": 0.869, "mesh_min_z_m": 0.479}, {"body": "tail1_pitch", "mean_fz_n": 0.0, "frac_of_weight": 0.0, "z_mean_m": 0.915, "z_min_m": 0.821, "mesh_min_z_m": 0.431}]}, "mesh_min_z_m": {"base_link": 0.444, "chest_pitch": 0.479, "neck_pitch": 1.004, "tail1_pitch": 0.431, "tail2_pitch": 0.232, "tail3_pitch": -0.14}, "tail_joint_pos_rad": [-0.43, -0.362, -0.207], "ledger": {"10": 1.488, "11": -0.01, "12": 0.0}}
[DIAG] running p2_flat_v0.5_r2 ...
[DIAG] p2_flat_v0.5_r2: {"fwd_yaw_mean": 0.652, "overshoot_frac": 0.304, "overshoot_abs_frac": 0.304, "fwd_mae_mps": 0.155, "fwd_speed_mean": 0.655, "fwd_speed_std": 0.152, "lat_speed_mean": -0.227, "lat_speed_absmax": 0.524, "crab_deg_mean": -19.1, "v_world_mean": 0.69, "drift_x_m": 6.03, "drift_y_m": -3.38, "slip_y_abs_mean": 0.246, "slip_y_mean": -0.225, "yaw_drift_deg": -1.9, "turn_rate_deg_s": -0.19, "tilt_max_deg": 14.3, "neck_support_frac": 0.0, "neck_support_max_s": 0.0, "belly_gt10n_frac": 0.0, "feet_below2_frac": 0.224, "first_event": "feet_lift", "foot_load_frac": [0.088, 0.081, 0.268, 0.451], "foot_duty": [0.234, 0.128, 0.598, 0.742], "foot_names": ["rr_foot", "rl_foot", "rf_foot", "lf_foot"], "load_closure": {"n_bodies": 27, "sum_all_mean_n": 691.9, "sum_all_ratio": 0.9796, "sum_all_p95_n": 1210.5, "residual_n": 14.4, "a_z_equiv_mps2": 0.2, "dv_z_window_mps": -0.0032, "momentum_can_explain": false, "non_foot_loaded_bodies": ["tail3_pitch"], "loaded_min_mesh_z_m": -0.141, "per_body_desc": [{"body": "lf_foot", "mean_fz_n": 318.48, "frac_of_weight": 0.4509, "z_mean_m": 0.11, "z_min_m": 0.073}, {"body": "rf_foot", "mean_fz_n": 189.32, "frac_of_weight": 0.268, "z_mean_m": 0.15, "z_min_m": 0.089}, {"body": "tail3_pitch", "mean_fz_n": 64.82, "frac_of_weight": 0.0918, "z_mean_m": 0.333, "z_min_m": 0.234, "mesh_min_z_m": -0.141}, {"body": "rr_foot", "mean_fz_n": 62.18, "frac_of_weight": 0.088, "z_mean_m": 0.164, "z_min_m": 0.09}, {"body": "rl_foot", "mean_fz_n": 57.11, "frac_of_weight": 0.0809, "z_mean_m": 0.19, "z_min_m": 0.134}, {"body": "base_link", "mean_fz_n": 0.0, "frac_of_weight": 0.0, "z_mean_m": 0.933, "z_min_m": 0.859, "mesh_min_z_m": 0.423}, {"body": "chest_yaw", "mean_fz_n": 0.0, "frac_of_weight": 0.0, "z_mean_m": 0.933, "z_min_m": 0.859}, {"body": "tail1_yaw", "mean_fz_n": 0.0, "frac_of_weight": 0.0, "z_mean_m": 0.899, "z_min_m": 0.793}, {"body": "rr_haa", "mean_fz_n": 0.0, "frac_of_weight": 0.0, "z_mean_m": 0.829, "z_min_m": 0.782}, {"body": "rl_haa", "mean_fz_n": 0.0, "frac_of_weight": 0.0, "z_mean_m": 0.89, "z_min_m": 0.829}, {"body": "chest_pitch", "mean_fz_n": 0.0, "frac_of_weight": 0.0, "z_mean_m": 0.933, "z_min_m": 0.859, "mesh_min_z_m": 0.434}, {"body": "tail1_pitch", "mean_fz_n": 0.0, "frac_of_weight": 0.0, "z_mean_m": 0.899, "z_min_m": 0.792, "mesh_min_z_m": 0.415}, {"body": "rr_hfe", "mean_fz_n": 0.0, "frac_of_weight": 0.0, "z_mean_m": 0.655, "z_min_m": 0.59}, {"body": "rl_hfe", "mean_fz_n": 0.0, "frac_of_weight": 0.0, "z_mean_m": 0.681, "z_min_m": 0.633}, {"body": "neck_yaw", "mean_fz_n": 0.0, "frac_of_weight": 0.0, "z_mean_m": 1.283, "z_min_m": 0.995}, {"body": "rf_haa", "mean_fz_n": 0.0, "frac_of_weight": 0.0, "z_mean_m": 0.919, "z_min_m": 0.796}, {"body": "lf_haa", "mean_fz_n": 0.0, "frac_of_weight": 0.0, "z_mean_m": 0.962, "z_min_m": 0.916}, {"body": "tail2_yaw", "mean_fz_n": 0.0, "frac_of_weight": 0.0, "z_mean_m": 0.653, "z_min_m": 0.543}, {"body": "rr_kfe", "mean_fz_n": 0.0, "frac_of_weight": 0.0, "z_mean_m": 0.288, "z_min_m": 0.215}, {"body": "rl_kfe", "mean_fz_n": 0.0, "frac_of_weight": 0.0, "z_mean_m": 0.307, "z_min_m": 0.252}, {"body": "neck_pitch", "mean_fz_n": 0.0, "frac_of_weight": 0.0, "z_mean_m": 1.284, "z_min_m": 0.995, "mesh_min_z_m": 0.879}, {"body": "rf_hfe", "mean_fz_n": 0.0, "frac_of_weight": 0.0, "z_mean_m": 0.649, "z_min_m": 0.588}, {"body": "lf_hfe", "mean_fz_n": 0.0, "frac_of_weight": 0.0, "z_mean_m": 0.597, "z_min_m": 0.54}, {"body": "tail2_pitch", "mean_fz_n": 0.0, "frac_of_weight": 0.0, "z_mean_m": 0.651, "z_min_m": 0.541, "mesh_min_z_m": 0.225}, {"body": "rf_kfe", "mean_fz_n": 0.0, "frac_of_weight": 0.0, "z_mean_m": 0.273, "z_min_m": 0.213}, {"body": "lf_kfe", "mean_fz_n": 0.0, "frac_of_weight": 0.0, "z_mean_m": 0.23, "z_min_m": 0.197}, {"body": "tail3_yaw", "mean_fz_n": 0.0, "frac_of_weight": 0.0, "z_mean_m": 0.337, "z_min_m": 0.237}], "non_foot_top": [{"body": "tail3_pitch", "mean_fz_n": 64.82, "frac_of_weight": 0.0918, "z_mean_m": 0.333, "z_min_m": 0.234, "mesh_min_z_m": -0.141}, {"body": "base_link", "mean_fz_n": 0.0, "frac_of_weight": 0.0, "z_mean_m": 0.933, "z_min_m": 0.859, "mesh_min_z_m": 0.423}, {"body": "chest_yaw", "mean_fz_n": 0.0, "frac_of_weight": 0.0, "z_mean_m": 0.933, "z_min_m": 0.859}, {"body": "tail1_yaw", "mean_fz_n": 0.0, "frac_of_weight": 0.0, "z_mean_m": 0.899, "z_min_m": 0.793}, {"body": "rr_haa", "mean_fz_n": 0.0, "frac_of_weight": 0.0, "z_mean_m": 0.829, "z_min_m": 0.782}, {"body": "rl_haa", "mean_fz_n": 0.0, "frac_of_weight": 0.0, "z_mean_m": 0.89, "z_min_m": 0.829}, {"body": "chest_pitch", "mean_fz_n": 0.0, "frac_of_weight": 0.0, "z_mean_m": 0.933, "z_min_m": 0.859, "mesh_min_z_m": 0.434}, {"body": "tail1_pitch", "mean_fz_n": 0.0, "frac_of_weight": 0.0, "z_mean_m": 0.899, "z_min_m": 0.792, "mesh_min_z_m": 0.415}]}, "mesh_min_z_m": {"base_link": 0.423, "chest_pitch": 0.434, "neck_pitch": 0.879, "tail1_pitch": 0.415, "tail2_pitch": 0.225, "tail3_pitch": -0.141}, "tail_joint_pos_rad": [-0.417, -0.352, -0.208], "ledger": {"10": 1.496, "11": -0.016, "12": 0.0}}
[DIAG] running p2_flat_v1_r2 ...
[DIAG] p2_flat_v1_r2: {"fwd_yaw_mean": 1.07, "overshoot_frac": 0.07, "overshoot_abs_frac": 0.07, "fwd_mae_mps": 0.099, "fwd_speed_mean": 1.077, "fwd_speed_std": 0.121, "lat_speed_mean": -0.382, "lat_speed_absmax": 0.767, "crab_deg_mean": -19.5, "v_world_mean": 1.134, "drift_x_m": 9.64, "drift_y_m": -6.02, "slip_y_abs_mean": 0.382, "slip_y_mean": -0.381, "yaw_drift_deg": -6.3, "turn_rate_deg_s": -0.64, "tilt_max_deg": 10.4, "neck_support_frac": 0.0, "neck_support_max_s": 0.0, "belly_gt10n_frac": 0.0, "feet_below2_frac": 0.316, "first_event": "feet_lift", "foot_load_frac": [0.085, 0.111, 0.266, 0.391], "foot_duty": [0.248, 0.204, 0.472, 0.618], "foot_names": ["rr_foot", "rl_foot", "rf_foot", "lf_foot"], "load_closure": {"n_bodies": 27, "sum_all_mean_n": 674.2, "sum_all_ratio": 0.9545, "sum_all_p95_n": 1524.3, "residual_n": 32.1, "a_z_equiv_mps2": 0.446, "dv_z_window_mps": 0.1398, "momentum_can_explain": false, "non_foot_loaded_bodies": ["tail3_pitch"], "loaded_min_mesh_z_m": -0.138, "per_body_desc": [{"body": "lf_foot", "mean_fz_n": 276.22, "frac_of_weight": 0.3911, "z_mean_m": 0.121, "z_min_m": 0.073}, {"body": "rf_foot", "mean_fz_n": 187.55, "frac_of_weight": 0.2655, "z_mean_m": 0.174, "z_min_m": 0.105}, {"body": "rl_foot", "mean_fz_n": 78.71, "frac_of_weight": 0.1114, "z_mean_m": 0.19, "z_min_m": 0.129}, {"body": "tail3_pitch", "mean_fz_n": 71.98, "frac_of_weight": 0.1019, "z_mean_m": 0.345, "z_min_m": 0.252, "mesh_min_z_m": -0.138}, {"body": "rr_foot", "mean_fz_n": 59.75, "frac_of_weight": 0.0846, "z_mean_m": 0.172, "z_min_m": 0.106}, {"body": "base_link", "mean_fz_n": 0.0, "frac_of_weight": 0.0, "z_mean_m": 0.929, "z_min_m": 0.853, "mesh_min_z_m": 0.448}, {"body": "chest_yaw", "mean_fz_n": 0.0, "frac_of_weight": 0.0, "z_mean_m": 0.929, "z_min_m": 0.853}, {"body": "tail1_yaw", "mean_fz_n": 0.0, "frac_of_weight": 0.0, "z_mean_m": 0.904, "z_min_m": 0.813}, {"body": "rr_haa", "mean_fz_n": 0.0, "frac_of_weight": 0.0, "z_mean_m": 0.837, "z_min_m": 0.798}, {"body": "rl_haa", "mean_fz_n": 0.0, "frac_of_weight": 0.0, "z_mean_m": 0.883, "z_min_m": 0.84}, {"body": "chest_pitch", "mean_fz_n": 0.0, "frac_of_weight": 0.0, "z_mean_m": 0.929, "z_min_m": 0.853, "mesh_min_z_m": 0.464}, {"body": "tail1_pitch", "mean_fz_n": 0.0, "frac_of_weight": 0.0, "z_mean_m": 0.904, "z_min_m": 0.812, "mesh_min_z_m": 0.442}, {"body": "rr_hfe", "mean_fz_n": 0.0, "frac_of_weight": 0.0, "z_mean_m": 0.662, "z_min_m": 0.606}, {"body": "rl_hfe", "mean_fz_n": 0.0, "frac_of_weight": 0.0, "z_mean_m": 0.681, "z_min_m": 0.622}, {"body": "neck_yaw", "mean_fz_n": 0.0, "frac_of_weight": 0.0, "z_mean_m": 1.324, "z_min_m": 1.124}, {"body": "rf_haa", "mean_fz_n": 0.0, "frac_of_weight": 0.0, "z_mean_m": 0.937, "z_min_m": 0.841}, {"body": "lf_haa", "mean_fz_n": 0.0, "frac_of_weight": 0.0, "z_mean_m": 0.971, "z_min_m": 0.912}, {"body": "tail2_yaw", "mean_fz_n": 0.0, "frac_of_weight": 0.0, "z_mean_m": 0.663, "z_min_m": 0.568}, {"body": "rr_kfe", "mean_fz_n": 0.0, "frac_of_weight": 0.0, "z_mean_m": 0.295, "z_min_m": 0.232}, {"body": "rl_kfe", "mean_fz_n": 0.0, "frac_of_weight": 0.0, "z_mean_m": 0.31, "z_min_m": 0.252}, {"body": "neck_pitch", "mean_fz_n": 0.0, "frac_of_weight": 0.0, "z_mean_m": 1.325, "z_min_m": 1.124, "mesh_min_z_m": 1.072}, {"body": "rf_hfe", "mean_fz_n": 0.0, "frac_of_weight": 0.0, "z_mean_m": 0.667, "z_min_m": 0.61}, {"body": "lf_hfe", "mean_fz_n": 0.0, "frac_of_weight": 0.0, "z_mean_m": 0.603, "z_min_m": 0.552}, {"body": "tail2_pitch", "mean_fz_n": 0.0, "frac_of_weight": 0.0, "z_mean_m": 0.661, "z_min_m": 0.566, "mesh_min_z_m": 0.237}, {"body": "rf_kfe", "mean_fz_n": 0.0, "frac_of_weight": 0.0, "z_mean_m": 0.294, "z_min_m": 0.229}, {"body": "lf_kfe", "mean_fz_n": 0.0, "frac_of_weight": 0.0, "z_mean_m": 0.241, "z_min_m": 0.199}, {"body": "tail3_yaw", "mean_fz_n": 0.0, "frac_of_weight": 0.0, "z_mean_m": 0.348, "z_min_m": 0.255}], "non_foot_top": [{"body": "tail3_pitch", "mean_fz_n": 71.98, "frac_of_weight": 0.1019, "z_mean_m": 0.345, "z_min_m": 0.252, "mesh_min_z_m": -0.138}, {"body": "base_link", "mean_fz_n": 0.0, "frac_of_weight": 0.0, "z_mean_m": 0.929, "z_min_m": 0.853, "mesh_min_z_m": 0.448}, {"body": "chest_yaw", "mean_fz_n": 0.0, "frac_of_weight": 0.0, "z_mean_m": 0.929, "z_min_m": 0.853}, {"body": "tail1_yaw", "mean_fz_n": 0.0, "frac_of_weight": 0.0, "z_mean_m": 0.904, "z_min_m": 0.813}, {"body": "rr_haa", "mean_fz_n": 0.0, "frac_of_weight": 0.0, "z_mean_m": 0.837, "z_min_m": 0.798}, {"body": "rl_haa", "mean_fz_n": 0.0, "frac_of_weight": 0.0, "z_mean_m": 0.883, "z_min_m": 0.84}, {"body": "chest_pitch", "mean_fz_n": 0.0, "frac_of_weight": 0.0, "z_mean_m": 0.929, "z_min_m": 0.853, "mesh_min_z_m": 0.464}, {"body": "tail1_pitch", "mean_fz_n": 0.0, "frac_of_weight": 0.0, "z_mean_m": 0.904, "z_min_m": 0.812, "mesh_min_z_m": 0.442}]}, "mesh_min_z_m": {"base_link": 0.448, "chest_pitch": 0.464, "neck_pitch": 1.072, "tail1_pitch": 0.442, "tail2_pitch": 0.237, "tail3_pitch": -0.138}, "tail_joint_pos_rad": [-0.416, -0.366, -0.275], "ledger": {"10": 1.48, "11": -0.026, "12": 0.0}}
[INFO]: SimulationContext cleared
# v10 支撑诊断 summary（2026-09-14 19:41:52）


## Phase 2 平地直行（flat 列；first_event: neck_load=先低头承重 / feet_lift=先失稳）

移动列口径（**验收列与奖励核同帧**）：fwd_yaw=vel_yaw_x 均值 = 前向速度验收量（yaw 帧，俯仰/侧倾不污染）；fwd_b=体坐标前向均值，**诊断用**（俯仰把重力分量折进 x 轴 → 会误报欠速，不能当验收）；overshoot_frac=fwd_yaw/命令−1（**签名量**；v10 EP 核把超速 clamp 成满分，v13 Miki 核双向罚）；overshoot_abs=|同名量|（v13.1 验收闸——签名量在完全不动时=−1 也能过关）；fwd_mae=逐帧 mean|vel_yaw_x−cmd|（报告用，不设闸：均值达标而快慢交替靠它暴露）；fwd_std=速度抖动（yaw 帧）；drift_x/drift_y=世界位移、v_world=世界速度均值（横向漂移判据）；**slip_abs=mean|vel_yaw_y| = 侧滑验收量**（逐帧取绝对值，左右摆动不能互相抵消）；slip_y=签名均值（只作方向诊断）；yaw_drift/turn_rate=库算 yaw 的漂移与角速度=机身转向；crab=体坐标 atan2(lat,fwd)（slip 与 turn 的合量）；foot_duty/foot_load_frac 顺序见 foot_names

| case | cmd | fwd_yaw | overshoot | overshoot_abs | fwd_mae | fwd_std | fwd_b | slip_y | slip_abs | yaw_drift | turn_rate | drift_x | drift_y | crab | v_world | tilt_max | feet<2 | foot_duty | foot_load_frac | ΣF_body/mg | 非足top3 | neck_frac | belly_frac | ledger |
|---|---|---|---|---|---|---|---|---|---|---|---|---|---|---|---|---|---|---|---|---|---|---|---|---|
| p2_flat_v0.3_r0 | 0.3 | 0.439 | 0.464 | 0.464 | 0.153 | 0.14 | 0.442 | -0.169 | 0.178 | 3.85 | -2.78 | -20.9° | 0.47 | 12.0 | 0.156 | [0.252, 0.108, 0.662, 0.8] | [0.101, 0.07, 0.263, 0.482] | 1.0141 | tail3_pitch=69.11N(mesh=-0.141),base_link=0.0N(mesh=0.419),chest_yaw=0.0N(mesh=None) | 0.0 | 0.0 | {"10": 1.473, "11": -0.004, "12": 0.0} |
| p2_flat_v0.5_r0 | 0.5 | 0.624 | 0.248 | 0.248 | 0.144 | 0.146 | 0.628 | -0.238 | 0.25 | 5.59 | -3.71 | -20.9° | 0.667 | 11.6 | 0.224 | [0.25, 0.142, 0.588, 0.726] | [0.081, 0.094, 0.263, 0.434] | 0.9691 | tail3_pitch=68.18N(mesh=-0.14),base_link=0.0N(mesh=0.425),chest_yaw=0.0N(mesh=None) | 0.0 | 0.0 | {"10": 1.474, "11": -0.009, "12": 0.0} |
| p2_flat_v1_r0 | 1 | 1.046 | 0.046 | 0.046 | 0.125 | 0.208 | 1.055 | -0.385 | 0.389 | 10.18 | -4.51 | -20.1° | 1.114 | 12.4 | 0.334 | [0.232, 0.176, 0.474, 0.62] | [0.082, 0.098, 0.275, 0.404] | 0.9591 | tail3_pitch=70.43N(mesh=-0.139),base_link=0.0N(mesh=0.445),chest_yaw=0.0N(mesh=None) | 0.0 | 0.0 | {"10": 1.445, "11": -0.019, "12": 0.0} |
| p2_flat_v0.3_r1 | 0.3 | 0.456 | 0.52 | 0.52 | 0.159 | 0.122 | 0.459 | -0.168 | 0.178 | 4.11 | -2.64 | -20.2° | 0.485 | 11.4 | 0.198 | [0.236, 0.1, 0.648, 0.794] | [0.081, 0.059, 0.259, 0.465] | 0.957 | tail3_pitch=65.49N(mesh=-0.141),base_link=0.0N(mesh=0.42),chest_yaw=0.0N(mesh=None) | 0.0 | 0.0 | {"10": 1.495, "11": -0.009, "12": 0.0} |
| p2_flat_v0.5_r1 | 0.5 | 0.623 | 0.246 | 0.246 | 0.143 | 0.147 | 0.628 | -0.234 | 0.244 | 5.51 | -3.78 | -20.6° | 0.665 | 10.8 | 0.214 | [0.258, 0.144, 0.59, 0.732] | [0.082, 0.091, 0.268, 0.438] | 0.9733 | tail3_pitch=66.45N(mesh=-0.14),base_link=0.0N(mesh=0.427),chest_yaw=0.0N(mesh=None) | 0.0 | 0.0 | {"10": 1.474, "11": -0.014, "12": 0.0} |
| p2_flat_v1_r1 | 1 | 1.064 | 0.064 | 0.064 | 0.116 | 0.163 | 1.071 | -0.391 | 0.392 | 9.75 | -5.89 | -20.1° | 1.135 | 10.3 | 0.348 | [0.236, 0.178, 0.472, 0.608] | [0.083, 0.1, 0.252, 0.403] | 0.9416 | tail3_pitch=73.0N(mesh=-0.138),base_link=0.0N(mesh=0.446),chest_yaw=0.0N(mesh=None) | 0.0 | 0.0 | {"10": 1.464, "11": -0.025, "12": 0.0} |
| p2_flat_v0.3_r2 | 0.3 | 0.45 | 0.501 | 0.501 | 0.156 | 0.139 | 0.453 | -0.152 | 0.18 | 3.96 | -2.63 | -18.6° | 0.472 | 12.6 | 0.152 | [0.24, 0.114, 0.664, 0.792] | [0.074, 0.085, 0.266, 0.469] | 0.9866 | tail3_pitch=65.67N(mesh=-0.14),base_link=0.0N(mesh=0.444),chest_yaw=0.0N(mesh=None) | 0.0 | 0.0 | {"10": 1.488, "11": -0.01, "12": 0.0} |
| p2_flat_v0.5_r2 | 0.5 | 0.652 | 0.304 | 0.304 | 0.155 | 0.152 | 0.655 | -0.225 | 0.246 | 6.03 | -3.38 | -19.1° | 0.69 | 14.3 | 0.224 | [0.234, 0.128, 0.598, 0.742] | [0.088, 0.081, 0.268, 0.451] | 0.9796 | tail3_pitch=64.82N(mesh=-0.141),base_link=0.0N(mesh=0.423),chest_yaw=0.0N(mesh=None) | 0.0 | 0.0 | {"10": 1.496, "11": -0.016, "12": 0.0} |
| p2_flat_v1_r2 | 1 | 1.07 | 0.07 | 0.07 | 0.099 | 0.121 | 1.077 | -0.381 | 0.382 | 9.64 | -6.02 | -19.5° | 1.134 | 10.4 | 0.316 | [0.248, 0.204, 0.472, 0.618] | [0.085, 0.111, 0.266, 0.391] | 0.9545 | tail3_pitch=71.98N(mesh=-0.138),base_link=0.0N(mesh=0.448),chest_yaw=0.0N(mesh=None) | 0.0 | 0.0 | {"10": 1.48, "11": -0.026, "12": 0.0} |

[DIAG] output -> E:\Robot\rl_exp\tools\diagnose\out\v10_meshz
Loading user config located at: 'e:/isaaclab/env_isaaclab/lib/site-packages/isaacsim/kit/data/Kit/IsaacLab/3.0/user.config.json'
2026-09-14T11:37:40Z [0ms] [Warning] [omni.ext.plugin] [ext: isaaclab_visualizers] Extensions config 'extension.toml' doesn't exist 'e:/isaaclab/source/isaaclab_visualizers' or 'e:/isaaclab/source/isaaclab_visualizers/config'
2026-09-14T11:37:41Z [248ms] [Warning] [omni.usd_config.extension] Enable omni.materialx.libs extension to use MaterialX
2026-09-14T11:37:42Z [1,318ms] [Warning] [isaacsim.core.simulation_manager.plugin] USD stage is not available; stage-opened subscription is deferred
2026-09-14T11:37:42Z [1,318ms] [Warning] [isaacsim.core.simulation_manager.plugin] USD stage is not available; stage-opened subscription is deferred
2026-09-14T11:37:47Z [6,420ms] [Warning] [isaaclab_physx.physics.physx_manager] TGS solver with enable_external_forces_every_iteration=False may cause noisy velocities.
2026-09-14T11:37:48Z [7,702ms] [Warning] [usdrt.population.plugin] Last global time was not created. Did you call setEnableUsdNoticeHandling?
2026-09-14T11:37:48Z [7,933ms] [Warning] [isaaclab.actuators.actuator_pd] The <ImplicitActuatorCfg> object has a value for 'effort_limit'. This parameter will be removed in the future. To set the effort limit, please use 'effort_limit_sim' instead.
2026-09-14T11:37:48Z [7,933ms] [Warning] [isaaclab.actuators.actuator_pd] The <ImplicitActuatorCfg> object has a value for 'velocity_limit'. Previously, although this value was specified, it was not getting used by implicit actuators. Since this parameter affects the simulation behavior, we continue to not use it. This parameter will be removed in the future. To set the velocity limit, please use 'velocity_limit_sim' instead.
2026-09-14T11:37:48Z [7,976ms] [Warning] [isaaclab.actuators.actuator_pd] The <ImplicitActuatorCfg> object has a value for 'effort_limit'. This parameter will be removed in the future. To set the effort limit, please use 'effort_limit_sim' instead.
2026-09-14T11:37:48Z [7,976ms] [Warning] [isaaclab.actuators.actuator_pd] The <ImplicitActuatorCfg> object has a value for 'velocity_limit'. Previously, although this value was specified, it was not getting used by implicit actuators. Since this parameter affects the simulation behavior, we continue to not use it. This parameter will be removed in the future. To set the velocity limit, please use 'velocity_limit_sim' instead.
2026-09-14T11:37:48Z [7,988ms] [Warning] [isaaclab.actuators.actuator_pd] The <ImplicitActuatorCfg> object has a value for 'effort_limit'. This parameter will be removed in the future. To set the effort limit, please use 'effort_limit_sim' instead.
2026-09-14T11:37:48Z [7,988ms] [Warning] [isaaclab.actuators.actuator_pd] The <ImplicitActuatorCfg> object has a value for 'velocity_limit'. Previously, although this value was specified, it was not getting used by implicit actuators. Since this parameter affects the simulation behavior, we continue to not use it. This parameter will be removed in the future. To set the velocity limit, please use 'velocity_limit_sim' instead.
2026-09-14T11:37:48Z [8,107ms] [Warning] [isaaclab.envs.mdp.commands.velocity_command] The velocity command has the 'ranges.heading' attribute set to '(-3.141592653589793, 3.141592653589793)' but the heading command is not active. Consider setting the flag for the heading command to True.
